// Jest Snapshot v1, https://goo.gl/fbAQLP

exports[`should take a snapshot 1`] = `
<DocumentFragment>
  <div
    class="css-view-1dbjc4n"
    style="flex-grow: 1; flex-shrink: 1; flex-basis: 0%; flex-direction: column; flex-wrap: wrap; margin-top: 32px; padding-left: 16px; padding-right: 16px; width: 80%;"
  >
    <div
      class="css-view-1dbjc4n r-alignItems-z6ln5t r-flex-13awgt0 r-flexDirection-1euycsn r-flexWrap-1w6e6rj r-marginTop-1v1z2uz"
    >
      <div
        class="css-view-1dbjc4n r-paddingLeft-1qhn6m8 r-paddingRight-i023vh"
      >
        <a>
          <div
            class="css-view-1dbjc4n r-flexBasis-1mlwlqe r-overflow-1udh08x r-zIndex-417010"
            style="width: 500px;"
          >
            <div
              class="css-view-1dbjc4n r-backgroundColor-1niwhzg r-backgroundPosition-vvn4in r-backgroundRepeat-u6sd8q r-backgroundSize-4gszlv r-bottom-1p0dtai r-height-1pi2tsx r-left-1d2f490 r-position-u8s1d r-right-zchlnj r-top-ipm5af r-width-13qz1uu r-zIndex-1wyyakw"
              style="background-image: url(our_events.png);"
            />
            <img
              alt=""
              class="css-accessibilityImage-9pa8cd"
              draggable="false"
              src="our_events.png"
            />
          </div>
        </a>
      </div>
      <div
        class="css-view-1dbjc4n r-alignItems-z6ln5t r-flex-13awgt0 r-flexDirection-1fspl2j r-flexGrow-16y2uox r-minWidth-pfqljz"
      >
        <div
          class="css-view-1dbjc4n r-paddingLeft-1qhn6m8"
          style="flex-direction: column; margin-right: 77px;"
        >
          <div
            class="css-view-1dbjc4n r-flex-13awgt0 r-paddingLeft-1qhn6m8 r-paddingRight-i023vh r-paddingTop-9cjmro r-width-13qz1uu"
          >
            <div
              class="css-text-901oao r-alignItems-1habvwh r-color-1qovj5m r-flex-13awgt0 r-fontSize-1ui5ee8 r-fontWeight-16dba41"
              dir="auto"
            >
              EVENTS
            </div>
          </div>
          <div
            class="css-text-901oao r-color-1qovj5m r-flex-13awgt0 r-flexGrow-16y2uox r-marginTop-1v1z2uz r-paddingLeft-1qhn6m8"
            dir="auto"
            style="font-size: 18px; font-weight: 200; text-align: left;"
          >
            We at AnitaB.org Open Source believe in Inspiration through Action. To facilitate our Open Source journey and continue the AnitaB.org legacy we conduct enthralling events all year long, with the purpose of bridging the gap between creative developers and our Open Source community. Keep scrolling to catch a glimpse of few such events! 
          </div>
        </div>
      </div>
    </div>
    <div
      class="css-view-1dbjc4n r-alignItems-z6ln5t r-flex-13awgt0 r-flexDirection-18u37iz r-flexWrap-1w6e6rj r-marginTop-1v1z2uz"
    >
      <div
        class="css-view-1dbjc4n r-paddingLeft-1qhn6m8 r-paddingRight-i023vh"
      >
        <a>
          <div
            class="css-view-1dbjc4n r-flexBasis-1mlwlqe r-overflow-1udh08x r-zIndex-417010"
            style="width: 500px;"
          >
            <div
              class="css-view-1dbjc4n r-backgroundColor-1niwhzg r-backgroundPosition-vvn4in r-backgroundRepeat-u6sd8q r-backgroundSize-4gszlv r-bottom-1p0dtai r-height-1pi2tsx r-left-1d2f490 r-position-u8s1d r-right-zchlnj r-top-ipm5af r-width-13qz1uu r-zIndex-1wyyakw"
              style="background-image: url(our_events.png);"
            />
            <img
              alt=""
              class="css-accessibilityImage-9pa8cd"
              draggable="false"
              src="our_events.png"
            />
          </div>
        </a>
      </div>
      <div
        class="css-view-1dbjc4n r-alignItems-z6ln5t r-flex-13awgt0 r-flexDirection-1fspl2j r-flexGrow-16y2uox r-minWidth-pfqljz"
      >
        <div
          class="css-view-1dbjc4n r-paddingLeft-1qhn6m8"
          style="flex-direction: column; margin-right: 77px;"
        >
          <div
            class="css-view-1dbjc4n r-flex-13awgt0 r-paddingLeft-1qhn6m8 r-paddingRight-i023vh r-paddingTop-9cjmro r-width-13qz1uu"
          >
            <div
              class="css-text-901oao r-alignItems-1habvwh r-color-1qovj5m r-flex-13awgt0 r-fontSize-1ui5ee8 r-fontWeight-16dba41"
              dir="auto"
            >
              TITLE 2
            </div>
          </div>
          <div
            class="css-text-901oao r-color-1qovj5m r-flex-13awgt0 r-flexGrow-16y2uox r-marginTop-1v1z2uz r-paddingLeft-1qhn6m8"
            dir="auto"
            style="font-size: 18px; font-weight: 200; text-align: left;"
          >
            We at AnitaB.org Open Source believe in Inspiration through Action. To facilitate our Open Source journey and continue the AnitaB.org legacy we conduct enthralling events all year long, with the purpose of bridging the gap between creative developers and our Open Source community. Keep scrolling to catch a glimpse of few such events! 
          </div>
        </div>
      </div>
    </div>
  </div>
</DocumentFragment>
`;
